
> cikgu-maya-3d@0.0.0 build
> tsc && vite build

[36mvite v6.4.1 [32mbuilding for production...[36m[39m
transforming...
[32m✓[39m 616 modules transformed.
rendering chunks...
computing gzip size...
[2mdist/[22m[32mindex.html                       [39m[1m[2m  0.65 kB[22m[1m[22m[2m │ gzip:   0.33 kB[22m
[2mdist/[22m[35massets/index-B7JUZvOy.css        [39m[1m[2m  8.41 kB[22m[1m[22m[2m │ gzip:   1.92 kB[22m
[2mdist/[22m[36massets/state-vendor-DVS7Csbo.js  [39m[1m[2m  0.66 kB[22m[1m[22m[2m │ gzip:   0.41 kB[22m
[2mdist/[22m[36massets/index-CoSVyCyC.js         [39m[1m[2m  7.39 kB[22m[1m[22m[2m │ gzip:   2.32 kB[22m
[2mdist/[22m[36massets/react-vendor-CRB3T2We.js  [39m[1m[2m141.74 kB[22m[1m[22m[2m │ gzip:  45.48 kB[22m
[2mdist/[22m[36massets/three-vendor-BcZOYJLd.js  [39m[1m[33m894.49 kB[39m[22m[2m │ gzip: 245.17 kB[22m
[33m
(!) Some chunks are larger than 500 kB after minification. Consider:
- Using dynamic import() to code-split the application
- Use build.rollupOptions.output.manualChunks to improve chunking: https://rollupjs.org/configuration-options/#output-manualchunks
- Adjust chunk size limit for this warning via build.chunkSizeWarningLimit.[39m
[32m✓ built in 9.86s[39m
